// Jest Snapshot v1, https://goo.gl/fbAQLP

exports[`App Coponent should render app component 1`] = `
Array [
  <div
    className="container"
  >
    <BrowserRouter>
      <Switch>
        <Route
          exact={true}
          path="/"
        >
          <Home />
        </Route>
        <Route
          path="/user/:userId"
        >
          <UserDetails />
        </Route>
        <Route
          path="/post/:postId"
        >
          <PostDetails />
        </Route>
      </Switch>
    </BrowserRouter>
  </div>,
]
`;
